2026-09-29 18:42:38,381 - aiogram.dispatcher - INFO - Start polling
2026-09-29 18:42:38,423 - aiogram.dispatcher - INFO - Run polling for bot @fanoospanah_bot id=1782813974 - 'fanoospanah_bot'
2026-09-29 18:42:44,009 - aiogram.dispatcher - INFO - Start polling
2026-09-29 18:42:44,043 - aiogram.dispatcher - INFO - Run polling for bot @fanoospanah_bot id=1782813974 - 'fanoospanah_bot'
2026-09-29 18:42:44,665 - middlewares.logger - INFO - [MESSAGE] User: 2106622428 (داود جعفری) | Text: /start
2026-09-29 18:42:48,147 - aiogram.dispatcher - INFO - Start polling
2026-09-29 18:42:48,191 - aiogram.dispatcher - INFO - Run polling for bot @fanoospanah_bot id=1782813974 - 'fanoospanah_bot'
2026-09-29 18:42:59,619 - aiogram.dispatcher - INFO - Start polling
2026-09-29 18:42:59,668 - aiogram.dispatcher - INFO - Run polling for bot @fanoospanah_bot id=1782813974 - 'fanoospanah_bot'
2026-09-29 18:43:14,373 - aiogram.dispatcher - INFO - Start polling
2026-09-29 18:43:14,412 - aiogram.dispatcher - INFO - Run polling for bot @fanoospanah_bot id=1782813974 - 'fanoospanah_bot'
2026-09-29 18:43:20,656 - aiogram.dispatcher - INFO - Start polling
2026-09-29 18:43:20,719 - aiogram.dispatcher - INFO - Run polling for bot @fanoospanah_bot id=1782813974 - 'fanoospanah_bot'
2026-09-29 18:43:30,607 - aiogram.dispatcher - INFO - Start polling
2026-09-29 18:43:30,655 - aiogram.dispatcher - INFO - Run polling for bot @fanoospanah_bot id=1782813974 - 'fanoospanah_bot'
2026-09-29 18:43:36,622 - aiogram.dispatcher - INFO - Start polling
2026-09-29 18:43:36,675 - aiogram.dispatcher - INFO - Run polling for bot @fanoospanah_bot id=1782813974 - 'fanoospanah_bot'
2026-09-29 18:44:23,819 - aiogram.dispatcher - INFO - Start polling
2026-09-29 18:44:23,854 - aiogram.dispatcher - INFO - Run polling for bot @fanoospanah_bot id=1782813974 - 'fanoospanah_bot'
2026-09-29 18:44:28,712 - middlewares.logger - INFO - [MESSAGE] User: 2106622428 (داود جعفری) | Text: /start
2026-09-29 18:44:29,029 - aiogram.event - INFO - Update id=14 is handled. Duration 317 ms by bot id=1782813974
2026-09-29 18:45:55,654 - aiogram.dispatcher - INFO - Start polling
2026-09-29 18:45:55,697 - aiogram.dispatcher - INFO - Run polling for bot @fanoospanah_bot id=1782813974 - 'fanoospanah_bot'
2026-09-29 18:46:06,799 - aiogram.dispatcher - INFO - Start polling
2026-09-29 18:46:06,845 - aiogram.dispatcher - INFO - Run polling for bot @fanoospanah_bot id=1782813974 - 'fanoospanah_bot'
2026-09-29 18:46:09,654 - middlewares.logger - INFO - [MESSAGE] User: 2106622428 (داود جعفری) | Text: /start
2026-09-29 18:46:10,000 - aiogram.event - INFO - Update id=15 is handled. Duration 346 ms by bot id=1782813974
2026-09-29 18:47:41,674 - aiogram.dispatcher - INFO - Start polling
2026-09-29 18:47:41,735 - aiogram.dispatcher - INFO - Run polling for bot @fanoospanah_bot id=1782813974 - 'fanoospanah_bot'
2026-09-29 18:47:44,277 - middlewares.logger - INFO - [MESSAGE] User: 2106622428 (داود جعفری) | Text: /start
2026-09-29 18:48:03,148 - aiogram.dispatcher - INFO - Start polling
2026-09-29 18:48:03,192 - aiogram.dispatcher - INFO - Run polling for bot @fanoospanah_bot id=1782813974 - 'fanoospanah_bot'
2026-09-29 18:48:07,039 - aiogram.dispatcher - INFO - Start polling
2026-09-29 18:48:07,096 - aiogram.dispatcher - INFO - Run polling for bot @fanoospanah_bot id=1782813974 - 'fanoospanah_bot'
2026-09-29 18:48:08,068 - middlewares.logger - INFO - [MESSAGE] User: 2106622428 (داود جعفری) | Text: /start
2026-09-29 18:48:40,856 - aiogram.dispatcher - INFO - Start polling
2026-09-29 18:48:40,902 - aiogram.dispatcher - INFO - Run polling for bot @fanoospanah_bot id=1782813974 - 'fanoospanah_bot'
2026-09-29 18:48:49,194 - aiogram.dispatcher - INFO - Start polling
2026-09-29 18:48:49,235 - aiogram.dispatcher - INFO - Run polling for bot @fanoospanah_bot id=1782813974 - 'fanoospanah_bot'
2026-09-29 18:48:52,886 - aiogram.dispatcher - INFO - Start polling
2026-09-29 18:48:52,921 - aiogram.dispatcher - INFO - Run polling for bot @fanoospanah_bot id=1782813974 - 'fanoospanah_bot'
2026-09-29 18:49:04,742 - aiogram.dispatcher - INFO - Start polling
2026-09-29 18:49:04,789 - aiogram.dispatcher - INFO - Run polling for bot @fanoospanah_bot id=1782813974 - 'fanoospanah_bot'
2026-09-29 18:49:10,777 - aiogram.dispatcher - INFO - Start polling
2026-09-29 18:49:10,841 - aiogram.dispatcher - INFO - Run polling for bot @fanoospanah_bot id=1782813974 - 'fanoospanah_bot'
2026-09-29 18:49:25,020 - aiogram.dispatcher - INFO - Start polling
2026-09-29 18:49:25,068 - aiogram.dispatcher - INFO - Run polling for bot @fanoospanah_bot id=1782813974 - 'fanoospanah_bot'
2026-09-29 18:49:46,066 - middlewares.logger - INFO - [MESSAGE] User: 2106622428 (داود جعفری) | Text: /start
2026-09-29 18:50:11,346 - aiogram.dispatcher - INFO - Start polling
2026-09-29 18:50:11,390 - aiogram.dispatcher - INFO - Run polling for bot @fanoospanah_bot id=1782813974 - 'fanoospanah_bot'
2026-09-29 18:50:13,935 - middlewares.logger - INFO - [MESSAGE] User: 2106622428 (داود جعفری) | Text: /start
2026-09-29 18:50:51,652 - aiogram.dispatcher - INFO - Start polling
2026-09-29 18:50:51,687 - aiogram.dispatcher - INFO - Run polling for bot @fanoospanah_bot id=1782813974 - 'fanoospanah_bot'
2026-09-29 18:50:55,212 - aiogram.dispatcher - INFO - Start polling
2026-09-29 18:50:55,252 - aiogram.dispatcher - INFO - Run polling for bot @fanoospanah_bot id=1782813974 - 'fanoospanah_bot'
2026-09-29 18:50:56,784 - middlewares.logger - INFO - [MESSAGE] User: 2106622428 (داود جعفری) | Text: /start
2026-09-29 18:51:25,554 - aiogram.event - INFO - Update id=20 is handled. Duration 28770 ms by bot id=1782813974
2026-09-29 18:52:21,067 - aiogram.dispatcher - INFO - Start polling
2026-09-29 18:52:21,106 - aiogram.dispatcher - INFO - Run polling for bot @fanoospanah_bot id=1782813974 - 'fanoospanah_bot'
2026-09-29 18:52:25,246 - aiogram.dispatcher - INFO - Start polling
2026-09-29 18:52:25,282 - aiogram.dispatcher - INFO - Run polling for bot @fanoospanah_bot id=1782813974 - 'fanoospanah_bot'
2026-09-29 18:52:30,826 - aiogram.dispatcher - INFO - Start polling
2026-09-29 18:52:30,862 - aiogram.dispatcher - INFO - Run polling for bot @fanoospanah_bot id=1782813974 - 'fanoospanah_bot'
2026-09-29 18:52:32,966 - middlewares.logger - INFO - [MESSAGE] User: 2106622428 (داود جعفری) | Text: /start
2026-09-29 18:52:33,188 - aiogram.event - INFO - Update id=21 is handled. Duration 222 ms by bot id=1782813974
2026-09-29 18:52:55,520 - aiogram.dispatcher - INFO - Start polling
2026-09-29 18:52:55,565 - aiogram.dispatcher - INFO - Run polling for bot @fanoospanah_bot id=1782813974 - 'fanoospanah_bot'
2026-09-29 18:52:56,458 - middlewares.logger - INFO - [MESSAGE] User: 2106622428 (داود جعفری) | Text: /start
2026-09-29 18:53:24,502 - aiogram.event - INFO - Update id=22 is handled. Duration 28043 ms by bot id=1782813974
2026-09-29 18:55:45,162 - aiogram.dispatcher - INFO - Start polling
2026-09-29 18:55:45,217 - aiogram.dispatcher - INFO - Run polling for bot @fanoospanah_bot id=1782813974 - 'fanoospanah_bot'
2026-09-29 18:56:08,094 - aiogram.dispatcher - INFO - Start polling
2026-09-29 18:56:08,140 - aiogram.dispatcher - INFO - Run polling for bot @fanoospanah_bot id=1782813974 - 'fanoospanah_bot'
2026-09-29 18:56:26,961 - aiogram.dispatcher - INFO - Start polling
2026-09-29 18:56:27,004 - aiogram.dispatcher - INFO - Run polling for bot @fanoospanah_bot id=1782813974 - 'fanoospanah_bot'
2026-09-29 18:56:34,695 - aiogram.dispatcher - INFO - Start polling
2026-09-29 18:56:34,734 - aiogram.dispatcher - INFO - Run polling for bot @fanoospanah_bot id=1782813974 - 'fanoospanah_bot'
2026-09-29 18:56:56,278 - aiogram.dispatcher - INFO - Polling stopped
2026-09-29 18:56:56,280 - aiogram.dispatcher - ERROR - Failed to fetch updates - TelegramNetworkError: HTTP Client says - ServerDisconnectedError: Server disconnected
2026-09-29 18:56:56,280 - aiogram.dispatcher - WARNING - Sleep for 1.000000 seconds and try again... (tryings = 0, bot id = 1782813974)
2026-09-29 19:00:16,980 - aiogram.dispatcher - INFO - Start polling
2026-09-29 19:00:17,055 - aiogram.dispatcher - INFO - Run polling for bot @fanoospanah_bot id=1782813974 - 'fanoospanah_bot'
2026-09-29 19:00:24,683 - middlewares.logger - INFO - [MESSAGE] User: 2106622428 (داود جعفری) | Text: /start
2026-09-29 19:00:24,938 - aiogram.event - INFO - Update id=23 is handled. Duration 254 ms by bot id=1782813974
2026-09-29 19:00:31,946 - middlewares.logger - INFO - [MESSAGE] User: 2106622428 (داود جعفری) | Text: /start
2026-09-29 19:00:32,058 - aiogram.event - INFO - Update id=24 is handled. Duration 112 ms by bot id=1782813974
2026-09-29 19:00:40,058 - middlewares.logger - INFO - [MESSAGE] User: 2106622428 (داود جعفری) | Text: /start
2026-09-29 19:00:40,173 - aiogram.event - INFO - Update id=25 is handled. Duration 114 ms by bot id=1782813974
2026-09-29 19:05:29,619 - aiogram.dispatcher - INFO - Start polling
2026-09-29 19:05:29,672 - aiogram.dispatcher - INFO - Run polling for bot @fanoospanah_bot id=1782813974 - 'fanoospanah_bot'
2026-09-29 19:05:39,279 - aiogram.dispatcher - INFO - Start polling
2026-09-29 19:05:39,320 - aiogram.dispatcher - INFO - Run polling for bot @fanoospanah_bot id=1782813974 - 'fanoospanah_bot'
2026-09-29 19:05:55,281 - aiogram.dispatcher - INFO - Start polling
2026-09-29 19:05:55,316 - aiogram.dispatcher - INFO - Run polling for bot @fanoospanah_bot id=1782813974 - 'fanoospanah_bot'
2026-09-29 19:06:06,574 - aiogram.dispatcher - INFO - Start polling
2026-09-29 19:06:06,670 - aiogram.dispatcher - INFO - Run polling for bot @fanoospanah_bot id=1782813974 - 'fanoospanah_bot'
2026-09-29 19:06:06,747 - middlewares.logger - INFO - [MESSAGE] User: 2106622428 (داود جعفری) | Text: /start
2026-09-29 19:06:07,043 - aiogram.event - INFO - Update id=26 is handled. Duration 296 ms by bot id=1782813974
2026-09-29 19:06:17,825 - middlewares.logger - INFO - [MESSAGE] User: 2106622428 (داود جعفری) | Text: /start
2026-09-29 19:06:17,929 - aiogram.event - INFO - Update id=27 is handled. Duration 104 ms by bot id=1782813974
2026-09-29 19:11:19,895 - aiogram.dispatcher - INFO - Start polling
2026-09-29 19:11:19,976 - aiogram.dispatcher - INFO - Run polling for bot @fanoospanah_bot id=1782813974 - 'fanoospanah_bot'
2026-09-29 19:11:22,091 - middlewares.logger - INFO - [MESSAGE] User: 2106622428 (داود جعفری) | Text: /start
2026-09-29 19:11:22,364 - aiogram.event - INFO - Update id=28 is handled. Duration 273 ms by bot id=1782813974
2026-09-29 19:11:35,758 - middlewares.logger - INFO - [MESSAGE] User: 2106622428 (داود جعفری) | Text: /start
2026-09-29 19:11:35,863 - aiogram.event - INFO - Update id=29 is handled. Duration 104 ms by bot id=1782813974
2026-09-29 19:11:44,057 - aiogram.dispatcher - INFO - Start polling
2026-09-29 19:11:44,119 - aiogram.dispatcher - INFO - Run polling for bot @fanoospanah_bot id=1782813974 - 'fanoospanah_bot'
2026-09-29 19:11:47,388 - middlewares.logger - INFO - [MESSAGE] User: 2106622428 (داود جعفری) | Text: /start
2026-09-29 19:11:47,625 - aiogram.event - INFO - Update id=30 is handled. Duration 237 ms by bot id=1782813974
2026-09-29 19:12:09,768 - aiogram.dispatcher - INFO - Start polling
2026-09-29 19:12:09,837 - aiogram.dispatcher - INFO - Run polling for bot @fanoospanah_bot id=1782813974 - 'fanoospanah_bot'
2026-09-29 19:12:21,953 - aiogram.dispatcher - INFO - Start polling
2026-09-29 19:12:22,006 - aiogram.dispatcher - INFO - Run polling for bot @fanoospanah_bot id=1782813974 - 'fanoospanah_bot'
2026-09-29 19:12:32,633 - aiogram.dispatcher - INFO - Start polling
2026-09-29 19:12:32,805 - aiogram.dispatcher - INFO - Run polling for bot @fanoospanah_bot id=1782813974 - 'fanoospanah_bot'
2026-09-29 19:12:32,892 - middlewares.logger - INFO - [MESSAGE] User: 2106622428 (داود جعفری) | Text: /start
2026-09-29 19:12:33,128 - aiogram.event - INFO - Update id=31 is handled. Duration 235 ms by bot id=1782813974
2026-09-29 19:12:48,379 - aiogram.dispatcher - INFO - Start polling
2026-09-29 19:12:48,417 - aiogram.dispatcher - INFO - Run polling for bot @fanoospanah_bot id=1782813974 - 'fanoospanah_bot'
2026-09-29 19:12:49,328 - middlewares.logger - INFO - [MESSAGE] User: 2106622428 (داود جعفری) | Text: /start
2026-09-29 19:12:49,519 - aiogram.event - INFO - Update id=32 is handled. Duration 191 ms by bot id=1782813974
2026-09-29 19:13:07,181 - aiogram.dispatcher - INFO - Start polling
2026-09-29 19:13:07,219 - aiogram.dispatcher - INFO - Run polling for bot @fanoospanah_bot id=1782813974 - 'fanoospanah_bot'
2026-09-29 19:13:07,262 - middlewares.logger - INFO - [MESSAGE] User: 2106622428 (داود جعفری) | Text: /start
2026-09-29 19:13:07,553 - aiogram.event - INFO - Update id=33 is handled. Duration 291 ms by bot id=1782813974
2026-09-29 19:13:48,221 - aiogram.dispatcher - INFO - Start polling
2026-09-29 19:13:48,260 - aiogram.dispatcher - INFO - Run polling for bot @fanoospanah_bot id=1782813974 - 'fanoospanah_bot'
2026-09-29 19:14:01,920 - aiogram.dispatcher - INFO - Start polling
2026-09-29 19:14:01,965 - aiogram.dispatcher - INFO - Run polling for bot @fanoospanah_bot id=1782813974 - 'fanoospanah_bot'
2026-09-29 19:14:14,373 - middlewares.logger - INFO - [MESSAGE] User: 2106622428 (داود جعفری) | Text: /start
2026-09-29 19:14:14,542 - aiogram.event - INFO - Update id=34 is handled. Duration 169 ms by bot id=1782813974
2026-09-29 19:21:36,632 - aiogram.dispatcher - ERROR - Failed to fetch updates - TelegramForbiddenError: Telegram server says - Bad Request: Token not found
2026-09-29 19:21:36,632 - aiogram.dispatcher - WARNING - Sleep for 1.000000 seconds and try again... (tryings = 0, bot id = 1782813974)
2026-09-29 19:21:37,682 - aiogram.dispatcher - ERROR - Failed to fetch updates - TelegramForbiddenError: Telegram server says - Bad Request: Token not found
2026-09-29 19:21:37,682 - aiogram.dispatcher - WARNING - Sleep for 1.328316 seconds and try again... (tryings = 1, bot id = 1782813974)
2026-09-29 19:21:39,058 - aiogram.dispatcher - ERROR - Failed to fetch updates - TelegramForbiddenError: Telegram server says - Bad Request: Token not found
2026-09-29 19:21:39,059 - aiogram.dispatcher - WARNING - Sleep for 1.819426 seconds and try again... (tryings = 2, bot id = 1782813974)
2026-09-29 19:21:40,929 - aiogram.dispatcher - ERROR - Failed to fetch updates - TelegramForbiddenError: Telegram server says - Bad Request: Token not found
2026-09-29 19:21:40,929 - aiogram.dispatcher - WARNING - Sleep for 2.412949 seconds and try again... (tryings = 3, bot id = 1782813974)
2026-09-29 19:21:43,388 - aiogram.dispatcher - ERROR - Failed to fetch updates - TelegramForbiddenError: Telegram server says - Bad Request: Token not found
2026-09-29 19:21:43,390 - aiogram.dispatcher - WARNING - Sleep for 3.053915 seconds and try again... (tryings = 4, bot id = 1782813974)
2026-09-29 19:21:46,506 - aiogram.dispatcher - ERROR - Failed to fetch updates - TelegramForbiddenError: Telegram server says - Bad Request: Token not found
2026-09-29 19:21:46,507 - aiogram.dispatcher - WARNING - Sleep for 4.025727 seconds and try again... (tryings = 5, bot id = 1782813974)
2026-09-29 19:21:50,582 - aiogram.dispatcher - ERROR - Failed to fetch updates - TelegramForbiddenError: Telegram server says - Bad Request: Token not found
2026-09-29 19:21:50,583 - aiogram.dispatcher - WARNING - Sleep for 5.075685 seconds and try again... (tryings = 6, bot id = 1782813974)
2026-09-29 19:21:55,710 - aiogram.dispatcher - ERROR - Failed to fetch updates - TelegramForbiddenError: Telegram server says - Bad Request: Token not found
2026-09-29 19:21:55,711 - aiogram.dispatcher - WARNING - Sleep for 5.077036 seconds and try again... (tryings = 7, bot id = 1782813974)
2026-09-29 19:22:00,831 - aiogram.dispatcher - ERROR - Failed to fetch updates - TelegramForbiddenError: Telegram server says - Bad Request: Token not found
2026-09-29 19:22:00,831 - aiogram.dispatcher - WARNING - Sleep for 5.007333 seconds and try again... (tryings = 8, bot id = 1782813974)
2026-09-29 19:22:05,879 - aiogram.dispatcher - ERROR - Failed to fetch updates - TelegramForbiddenError: Telegram server says - Bad Request: Token not found
2026-09-29 19:22:05,880 - aiogram.dispatcher - WARNING - Sleep for 5.036929 seconds and try again... (tryings = 9, bot id = 1782813974)
2026-09-29 19:22:10,968 - aiogram.dispatcher - ERROR - Failed to fetch updates - TelegramForbiddenError: Telegram server says - Bad Request: Token not found
2026-09-29 19:22:10,968 - aiogram.dispatcher - WARNING - Sleep for 5.072924 seconds and try again... (tryings = 10, bot id = 1782813974)
2026-09-29 19:22:16,094 - aiogram.dispatcher - ERROR - Failed to fetch updates - TelegramForbiddenError: Telegram server says - Bad Request: Token not found
2026-09-29 19:22:16,095 - aiogram.dispatcher - WARNING - Sleep for 4.985940 seconds and try again... (tryings = 11, bot id = 1782813974)
2026-09-29 19:22:21,183 - aiogram.dispatcher - ERROR - Failed to fetch updates - TelegramForbiddenError: Telegram server says - Bad Request: Token not found
2026-09-29 19:22:21,184 - aiogram.dispatcher - WARNING - Sleep for 5.022338 seconds and try again... (tryings = 12, bot id = 1782813974)
2026-09-29 19:22:26,251 - aiogram.dispatcher - ERROR - Failed to fetch updates - TelegramForbiddenError: Telegram server says - Bad Request: Token not found
2026-09-29 19:22:26,252 - aiogram.dispatcher - WARNING - Sleep for 4.906441 seconds and try again... (tryings = 13, bot id = 1782813974)
2026-09-29 19:22:31,203 - aiogram.dispatcher - ERROR - Failed to fetch updates - TelegramForbiddenError: Telegram server says - Bad Request: Token not found
2026-09-29 19:22:31,204 - aiogram.dispatcher - WARNING - Sleep for 4.988244 seconds and try again... (tryings = 14, bot id = 1782813974)
2026-09-29 19:22:36,244 - aiogram.dispatcher - ERROR - Failed to fetch updates - TelegramForbiddenError: Telegram server says - Bad Request: Token not found
2026-09-29 19:22:36,244 - aiogram.dispatcher - WARNING - Sleep for 5.049885 seconds and try again... (tryings = 15, bot id = 1782813974)
2026-09-29 19:22:38,468 - aiogram.dispatcher - INFO - Polling stopped
2026-09-29 19:39:18,617 - aiogram.dispatcher - INFO - Start polling
2026-09-29 19:39:18,653 - aiogram.dispatcher - INFO - Run polling for bot @ham_nafas_bot id=174735753 - 'ham_nafas_bot'
2026-09-29 19:39:18,705 - middlewares.logger - INFO - [MESSAGE] User: 2106622428 (داود جعفری) | Text: /start
2026-09-29 19:39:19,175 - aiogram.event - INFO - Update id=1 is handled. Duration 470 ms by bot id=174735753
2026-09-29 19:39:27,338 - middlewares.logger - INFO - [MESSAGE] User: 2106622428 (داود جعفری) | Text: /start
2026-09-29 19:39:27,596 - aiogram.event - INFO - Update id=2 is handled. Duration 258 ms by bot id=174735753
2026-09-29 19:40:16,337 - aiogram.dispatcher - INFO - Start polling
2026-09-29 19:40:16,373 - aiogram.dispatcher - INFO - Run polling for bot @ham_nafas_bot id=174735753 - 'ham_nafas_bot'
2026-09-29 19:40:19,847 - middlewares.logger - INFO - [MESSAGE] User: 2106622428 (داود جعفری) | Text: /start
2026-09-29 19:40:20,079 - aiogram.event - INFO - Update id=3 is handled. Duration 232 ms by bot id=174735753
2026-09-29 19:40:31,957 - aiogram.dispatcher - INFO - Start polling
2026-09-29 19:40:32,020 - aiogram.dispatcher - INFO - Run polling for bot @ham_nafas_bot id=174735753 - 'ham_nafas_bot'
2026-09-29 19:42:18,298 - aiogram.dispatcher - INFO - Start polling
2026-09-29 19:42:18,339 - aiogram.dispatcher - INFO - Run polling for bot @ham_nafas_bot id=174735753 - 'ham_nafas_bot'
2026-09-29 19:42:23,662 - middlewares.logger - INFO - [MESSAGE] User: 2106622428 (داود جعفری) | Text: /start
2026-09-29 19:42:23,914 - aiogram.event - INFO - Update id=4 is handled. Duration 252 ms by bot id=174735753
2026-09-29 19:42:38,156 - aiogram.dispatcher - INFO - Start polling
2026-09-29 19:42:38,241 - aiogram.dispatcher - INFO - Run polling for bot @ham_nafas_bot id=174735753 - 'ham_nafas_bot'
2026-09-29 19:42:39,762 - middlewares.logger - INFO - [MESSAGE] User: 2106622428 (داود جعفری) | Text: /start
2026-09-29 19:42:39,987 - aiogram.event - INFO - Update id=5 is handled. Duration 225 ms by bot id=174735753
2026-09-29 19:42:49,320 - aiogram.dispatcher - INFO - Start polling
2026-09-29 19:42:49,359 - aiogram.dispatcher - INFO - Run polling for bot @ham_nafas_bot id=174735753 - 'ham_nafas_bot'
2026-09-29 19:42:49,837 - middlewares.logger - INFO - [MESSAGE] User: 2106622428 (داود جعفری) | Text: /start
2026-09-29 19:42:50,066 - aiogram.event - INFO - Update id=6 is handled. Duration 229 ms by bot id=174735753
2026-09-29 19:44:41,600 - aiogram.dispatcher - INFO - Start polling
2026-09-29 19:44:41,650 - aiogram.dispatcher - INFO - Run polling for bot @ham_nafas_bot id=174735753 - 'ham_nafas_bot'
2026-09-29 19:53:27,102 - aiogram.dispatcher - INFO - Start polling
2026-09-29 19:53:27,160 - aiogram.dispatcher - INFO - Run polling for bot @ham_nafas_bot id=174735753 - 'ham_nafas_bot'
2026-09-29 19:53:40,482 - aiogram.dispatcher - INFO - Start polling
2026-09-29 19:53:40,526 - aiogram.dispatcher - INFO - Run polling for bot @ham_nafas_bot id=174735753 - 'ham_nafas_bot'
2026-09-29 19:53:48,772 - aiogram.dispatcher - INFO - Start polling
2026-09-29 19:53:48,874 - aiogram.dispatcher - INFO - Run polling for bot @ham_nafas_bot id=174735753 - 'ham_nafas_bot'
2026-09-29 19:54:46,968 - aiogram.dispatcher - INFO - Start polling
2026-09-29 19:54:47,012 - aiogram.dispatcher - INFO - Run polling for bot @ham_nafas_bot id=174735753 - 'ham_nafas_bot'
2026-09-29 19:54:59,857 - aiogram.dispatcher - INFO - Start polling
2026-09-29 19:54:59,904 - aiogram.dispatcher - INFO - Run polling for bot @ham_nafas_bot id=174735753 - 'ham_nafas_bot'
2026-09-29 19:55:07,791 - aiogram.dispatcher - INFO - Start polling
2026-09-29 19:55:07,835 - aiogram.dispatcher - INFO - Run polling for bot @ham_nafas_bot id=174735753 - 'ham_nafas_bot'
2026-09-29 19:55:22,565 - aiogram.dispatcher - INFO - Start polling
2026-09-29 19:55:22,610 - aiogram.dispatcher - INFO - Run polling for bot @ham_nafas_bot id=174735753 - 'ham_nafas_bot'
2026-09-29 19:55:33,926 - aiogram.dispatcher - INFO - Start polling
2026-09-29 19:55:33,966 - aiogram.dispatcher - INFO - Run polling for bot @ham_nafas_bot id=174735753 - 'ham_nafas_bot'
2026-09-29 19:55:46,550 - aiogram.dispatcher - INFO - Start polling
2026-09-29 19:55:46,591 - aiogram.dispatcher - INFO - Run polling for bot @ham_nafas_bot id=174735753 - 'ham_nafas_bot'
2026-09-29 19:56:07,877 - aiogram.dispatcher - INFO - Start polling
2026-09-29 19:56:07,922 - aiogram.dispatcher - INFO - Run polling for bot @ham_nafas_bot id=174735753 - 'ham_nafas_bot'
2026-09-29 19:56:23,615 - middlewares.logger - INFO - [MESSAGE] User: 2106622428 (داود جعفری) | Text: /start
2026-09-29 19:56:23,825 - aiogram.event - INFO - Update id=7 is handled. Duration 210 ms by bot id=174735753
2026-09-29 19:56:46,400 - middlewares.logger - INFO - [MESSAGE] User: 2106622428 (داود جعفری) | Text: /start
2026-09-29 19:56:46,540 - aiogram.event - INFO - Update id=8 is handled. Duration 139 ms by bot id=174735753
2026-09-29 19:56:48,684 - middlewares.logger - INFO - [CALLBACK] User: 2106622428 (داود جعفری) | Data: start_registration
2026-09-29 19:56:48,857 - aiogram.event - INFO - Update id=9 is handled. Duration 173 ms by bot id=174735753
2026-09-29 19:56:59,905 - middlewares.logger - INFO - [MESSAGE] User: 2106622428 (داود جعفری) | Text: داود جعفری
2026-09-29 19:56:59,905 - aiogram.event - INFO - Update id=10 is not handled. Duration 0 ms by bot id=174735753
2026-09-29 19:57:28,260 - aiogram.dispatcher - INFO - Start polling
2026-09-29 19:57:28,338 - aiogram.dispatcher - INFO - Run polling for bot @ham_nafas_bot id=174735753 - 'ham_nafas_bot'
2026-09-29 19:57:32,457 - aiogram.dispatcher - INFO - Start polling
2026-09-29 19:57:32,499 - aiogram.dispatcher - INFO - Run polling for bot @ham_nafas_bot id=174735753 - 'ham_nafas_bot'
2026-09-29 19:57:42,384 - aiogram.dispatcher - INFO - Start polling
2026-09-29 19:57:42,421 - aiogram.dispatcher - INFO - Run polling for bot @ham_nafas_bot id=174735753 - 'ham_nafas_bot'
2026-09-29 19:58:05,704 - aiogram.dispatcher - INFO - Start polling
2026-09-29 19:58:05,753 - aiogram.dispatcher - INFO - Run polling for bot @ham_nafas_bot id=174735753 - 'ham_nafas_bot'
2026-09-29 19:58:18,457 - aiogram.dispatcher - INFO - Start polling
2026-09-29 19:58:18,496 - aiogram.dispatcher - INFO - Run polling for bot @ham_nafas_bot id=174735753 - 'ham_nafas_bot'
2026-09-29 19:59:40,816 - aiogram.dispatcher - INFO - Start polling
2026-09-29 19:59:40,860 - aiogram.dispatcher - INFO - Run polling for bot @ham_nafas_bot id=174735753 - 'ham_nafas_bot'
2026-09-29 19:59:53,459 - aiogram.dispatcher - INFO - Start polling
2026-09-29 19:59:53,502 - aiogram.dispatcher - INFO - Run polling for bot @ham_nafas_bot id=174735753 - 'ham_nafas_bot'
2026-09-29 20:00:24,106 - middlewares.logger - INFO - [MESSAGE] User: 2106622428 (داود جعفری) | Text: /start
2026-09-29 20:00:24,484 - aiogram.event - INFO - Update id=11 is handled. Duration 378 ms by bot id=174735753
